
> openapi-to-postmanv2@4.25.0 test
> jest

